1785849801838	geckodriver	INFO	Listening on 127.0.0.1:55313
1785849806148	mozrunner::runner	INFO	Running command: "C:\\Program Files\\Mozilla Firefox\\firefox.exe" "--marionette" "--remote-debugging-port" "55314" "--remote-allow-hosts" "localhost" "-no-remote" "-profile" "C:\\Users\\PC\\AppData\\Local\\Temp\\rust_mozprofileITFdG3"
Dynamically enable window occlusion 0
1785849809529	Marionette	INFO	Marionette enabled
1785849809858	Marionette	INFO	Listening on port 55330
WebDriver BiDi listening on ws://127.0.0.1:55314
Read port: 55330
1785849810249	RemoteAgent	WARN	TLS certificate errors will be ignored for this session
[GFX1-]: Calling WaitFlushedEvent::Run: is delayed: 2272
console.error: "Experiment desktop-release-rollout-show-relay-to-all-browsers-next-sign-up-modal-cta has unknown featureId: email-autocomplete-relay"
console.error: "Experiment visual-card-updates has unknown featureId: newtabRefinedCardsLayout"
console.error: "Experiment enable-nimbus-unenrollment-synchronization has unknown featureId: nimbusStore"
console.error: "Experiment private-window-visual-refresh-design-change-only has unknown featureId: feltPrivacy"
[WARN  glean_core::upload] Attempted to enqueue a duplicate ping d9214e52-9672-4093-8dd3-4ebeefb8aa2d at /submit/firefox-crashreporter/deletion-request/1/d9214e52-9672-4093-8dd3-4ebeefb8aa2d.
1785850003270	Marionette	INFO	Stopped listening on port 55330
JavaScript error: chrome://remote/content/shared/webdriver/Certificates.sys.mjs, line 79: NS_ERROR_NOT_AVAILABLE: Component returned failure code: 0x80040111 (NS_ERROR_NOT_AVAILABLE) [nsICertOverrideService.setDisableAllSecurityChecksAndLetAttackersInterceptMyData]
!!! error running onStopped callback: TypeError: callback is not a function
1785850003454	WebDriver BiDi	ERROR	Failed to stop protocol: [Exception... "Component returned failure code: 0x80040111 (NS_ERROR_NOT_AVAILABLE) [nsICertOverrideService.setDisableAllSecurityChecksAndLetAttackersInterceptMyData]"  nsresult: "0x80040111 (NS_ERROR_NOT_AVAILABLE)"  location: "JS frame :: chrome://remote/content/shared/webdriver/Certificates.sys.mjs :: Certificates.enableSecurityChecks :: line 79"  data: no] Stack trace: Certificates.enableSecurityChecks()@Certificates.sys.mjs:79
destroy()@Session.sys.mjs:316
deleteSession()@WebDriverBiDi.sys.mjs:185
stop()@WebDriverBiDi.sys.mjs:275
observe()@resource://gre/modules/AsyncShutdown.sys.mjs:587
Dynamically enable window occlusion 1
